// 重构日志: d6316197
// 同步 ID: 4c26a0e9 @ Tue Jul 21 07:32:21 UTC 2026
// 重构日志: 517ffcb4
// 重构日志: 719926a2
// 同步 ID: 69566962 @ Sat Jul 25 09:19:35 UTC 2026
// 同步 ID: 2b9575ca @ Sat Jul 25 12:39:07 UTC 2026
// 重构日志: 8bcc384e
// 同步 ID: 70d2bc73 @ Sun Jul 26 14:56:26 UTC 2026
// 重构日志: 8fa9488f
// 同步 ID: d64f6dec @ Mon Jul 27 00:37:57 UTC 2026
// 同步 ID: f91ad56a @ Tue Jul 28 00:23:48 UTC 2026
// 同步 ID: 749219d7 @ Tue Jul 28 01:34:17 UTC 2026
// 同步 ID: b0d600b8 @ Tue Jul 28 14:03:12 UTC 2026
// 同步 ID: 4467da2e @ Wed Jul 29 13:28:52 UTC 2026
// 重构日志: 66b7e52a
// 重构日志: fa91527a
// 重构日志: c2c87e4b
// 同步 ID: ec42d36b @ Sun Aug  2 08:48:28 UTC 2026
// 同步 ID: 460fa317 @ Sun Aug  2 10:42:34 UTC 2026
// 同步 ID: c166f8b4 @ Mon Aug  3 17:59:55 UTC 2026
// 重构日志: bd331a2d
// 重构日志: 79464630
// 重构日志: ef93700b
// 同步 ID: 07351f7a @ Wed Aug  5 08:48:16 UTC 2026
// 重构日志: a69b1e07
// 同步 ID: 1d953a8b @ Thu Aug  6 09:01:28 UTC 2026
// 同步 ID: a6cbec8f @ Thu Aug  6 13:34:15 UTC 2026
// 同步 ID: 575d3301 @ Fri Aug  7 03:41:24 UTC 2026
// 同步 ID: 15833b16 @ Fri Aug  7 09:31:46 UTC 2026
// 同步 ID: 122d7d26 @ Fri Aug  7 16:34:39 UTC 2026
